// Jest Snapshot v1, https://goo.gl/fbAQLP

exports[`AmfInputNumber without validation 1`] = `
<View>
  <Text
    accessible={true}
    allowFontScaling={true}
    disabled={false}
    ellipsizeMode="tail"
    style={
      Object {
        "color": "#454545",
        "marginBottom": 8,
      }
    }
  >
    Label
  </Text>
  <TextInput
    keyboardType="numeric"
    onBlur={[Function]}
    onChangeText={[Function]}
    onFocus={[Function]}
    options={
      Object {
        "delimiter": ".",
        "precision": 0,
        "separator": ",",
        "unit": "",
      }
    }
    style={
      Array [
        Object {
          "backgroundColor": "white",
          "borderColor": "#DDDDDD",
          "borderRadius": 3,
          "borderWidth": 1,
          "color": "#9B9B9B",
          "fontSize": 14,
          "height": 40,
          "padding": 10,
          "paddingBottom": 10,
        },
        undefined,
        Object {},
      ]
    }
    type="money"
    value=""
  />
</View>
`;
