// Jest Snapshot v1, https://goo.gl/fbAQLP

exports[`AmfTextSelector without validation 1`] = `
<RCTScrollView
  contentContainerStyle={
    Object {
      "padding": 16,
    }
  }
  horizontal={true}
  style={undefined}
>
  <View>
    <View
      accessibilityComponentType={undefined}
      accessibilityLabel={undefined}
      accessibilityTraits={undefined}
      accessible={true}
      collapsable={undefined}
      hitSlop={undefined}
      isTVSelectable={true}
      nativeID={undefined}
      onLayout={undefined}
      onResponderGrant={[Function]}
      onResponderMove={[Function]}
      onResponderRelease={[Function]}
      onResponderTerminate={[Function]}
      onResponderTerminationRequest={[Function]}
      onStartShouldSetResponder={[Function]}
      style={
        Object {
          "marginHorizontal": 8,
          "opacity": 1,
          "width": 450,
        }
      }
      testID={undefined}
      tvParallaxProperties={undefined}
    >
      <View
        style={
          Array [
            Object {
              "borderTopLeftRadius": 4,
              "borderTopRightRadius": 4,
              "height": 10,
            },
            Object {
              "backgroundColor": "rgb(165, 0, 38)",
            },
          ]
        }
      />
      <View
        style={
          Array [
            Object {
              "borderBottomWidth": 1,
              "borderLeftWidth": 1,
              "borderRightWidth": 1,
              "padding": 16,
            },
            Object {
              "backgroundColor": "white",
              "borderColor": "#D4D4D4",
            },
          ]
        }
      >
        <Text
          accessible={true}
          allowFontScaling={true}
          disabled={false}
          ellipsizeMode="tail"
          style={
            Object {
              "color": "black",
            }
          }
        >
          Option 1
          With Enter
          
        </Text>
      </View>
    </View>
    <View
      accessibilityComponentType={undefined}
      accessibilityLabel={undefined}
      accessibilityTraits={undefined}
      accessible={true}
      collapsable={undefined}
      hitSlop={undefined}
      isTVSelectable={true}
      nativeID={undefined}
      onLayout={undefined}
      onResponderGrant={[Function]}
      onResponderMove={[Function]}
      onResponderRelease={[Function]}
      onResponderTerminate={[Function]}
      onResponderTerminationRequest={[Function]}
      onStartShouldSetResponder={[Function]}
      style={
        Object {
          "marginHorizontal": 8,
          "opacity": 1,
          "width": 450,
        }
      }
      testID={undefined}
      tvParallaxProperties={undefined}
    >
      <View
        style={
          Array [
            Object {
              "borderTopLeftRadius": 4,
              "borderTopRightRadius": 4,
              "height": 10,
            },
            Object {
              "backgroundColor": "rgb(253, 190, 112)",
            },
          ]
        }
      />
      <View
        style={
          Array [
            Object {
              "borderBottomWidth": 1,
              "borderLeftWidth": 1,
              "borderRightWidth": 1,
              "padding": 16,
            },
            Object {
              "backgroundColor": "white",
              "borderColor": "#D4D4D4",
            },
          ]
        }
      >
        <Text
          accessible={true}
          allowFontScaling={true}
          disabled={false}
          ellipsizeMode="tail"
          style={
            Object {
              "color": "black",
            }
          }
        >
          Option 2
          With Enter
          
        </Text>
      </View>
    </View>
    <View
      accessibilityComponentType={undefined}
      accessibilityLabel={undefined}
      accessibilityTraits={undefined}
      accessible={true}
      collapsable={undefined}
      hitSlop={undefined}
      isTVSelectable={true}
      nativeID={undefined}
      onLayout={undefined}
      onResponderGrant={[Function]}
      onResponderMove={[Function]}
      onResponderRelease={[Function]}
      onResponderTerminate={[Function]}
      onResponderTerminationRequest={[Function]}
      onStartShouldSetResponder={[Function]}
      style={
        Object {
          "marginHorizontal": 8,
          "opacity": 1,
          "width": 450,
        }
      }
      testID={undefined}
      tvParallaxProperties={undefined}
    >
      <View
        style={
          Array [
            Object {
              "borderTopLeftRadius": 4,
              "borderTopRightRadius": 4,
              "height": 10,
            },
            Object {
              "backgroundColor": "rgb(0, 104, 55)",
            },
          ]
        }
      />
      <View
        style={
          Array [
            Object {
              "borderBottomWidth": 1,
              "borderLeftWidth": 1,
              "borderRightWidth": 1,
              "padding": 16,
            },
            Object {
              "backgroundColor": "white",
              "borderColor": "#D4D4D4",
            },
          ]
        }
      >
        <Text
          accessible={true}
          allowFontScaling={true}
          disabled={false}
          ellipsizeMode="tail"
          style={
            Object {
              "color": "black",
            }
          }
        >
          Option 3
          With Enter
          
        </Text>
      </View>
    </View>
  </View>
</RCTScrollView>
`;
